{"level": "INFO", "timestamp": "2017-09-01 13:57:29", "file": "index.go", "line": 125, "message": "Starting search"}
{"level": "ERROR", "timestamp": "2017-09-01 13:57:29", "file": "index.go", "line": 125, "message": "Starting search"}
{"level": "INFO", "timestamp": "2010-79-01 13:67:29", "file": "index.go", "line": 125, "message": "Starting search"}
{"level": "INFO", "timestamp": "2017-09-01 13:57:29", "file": "index.go", "line": 125, "message": "Starting sch"}
{"level": "INFO", "timestamp": "2019-09-01 13:57:29", "file": "index.go", "line": 125, "message": "Starting search"}
{"level": "INFO", "timestamp": "2017-09-01 14:57:29", "file": "index.go", "line": 12573, "message": "Starting sch"}
{"level": "ERROR", "timestamp": "2017-09-02 13:57:29", "file": "ingo", "line": 1, "message": "Finalh"}
